// Jest Snapshot v1, https://goo.gl/fbAQLP

exports[`<Counter /> will run with stable DOM 1`] = `
<section
  className="counter"
>
  <a
    className="down clicker"
    href="#"
    onClick={[Function]}
  >
    -
  </a>
  <span
    className="count "
  >
    0
  </span>
  <a
    className="up clicker"
    href="#"
    onClick={[Function]}
  >
    +
  </a>
</section>
`;

exports[`Down Event will run with stable DOM 1`] = `
<section
  className="counter"
>
  <a
    className="down clicker"
    href="#"
    onClick={[Function]}
  >
    -
  </a>
  <span
    className="count "
  >
    0
  </span>
  <a
    className="up clicker"
    href="#"
    onClick={[Function]}
  >
    +
  </a>
</section>
`;

exports[`Down Event will trigger with stable DOM 1`] = `
<section
  className="counter"
>
  <a
    className="down clicker"
    href="#"
    onClick={[Function]}
  >
    -
  </a>
  <span
    className="count "
  >
    0
  </span>
  <a
    className="up clicker"
    href="#"
    onClick={[Function]}
  >
    +
  </a>
</section>
`;
